// Jest Snapshot v1, https://goo.gl/fbAQLP

exports[`renders correctly 1`] = `
Array [
  <div
    id="foodmenu_top"
  >
    <h1>
        Food menu 
    </h1>
    <h2>
       Take a look at what we have to offer! 
    </h2>
  </div>,
  <h1>
     Appetizers
  </h1>,
  <section
    class="grid_container"
  >
    <div
      className="fooditems"
    >
      <h1
        class="foodname"
      >
         Food item 
      </h1>
      <h3
        class="ingredients"
      >
         Ingredients: 
      </h3>
      <p
        class="price"
      >
          Price: 
      </p>
    </div>
    <div
      className="fooditems"
    >
      <h1
        class="foodname"
      >
         Food item 
      </h1>
      <h3
        class="ingredients"
      >
         Ingredients: 
      </h3>
      <p
        class="price"
      >
          Price: 
      </p>
    </div>
    <div
      className="fooditems"
    >
      <h1
        class="foodname"
      >
         Food item 
      </h1>
      <h3
        class="ingredients"
      >
         Ingredients: 
      </h3>
      <p
        class="price"
      >
          Price: 
      </p>
    </div>
    <div
      className="fooditems"
    >
      <h1
        class="foodname"
      >
         Food item 
      </h1>
      <h3
        class="ingredients"
      >
         Ingredients: 
      </h3>
      <p
        class="price"
      >
          Price: 
      </p>
    </div>
    <div
      className="fooditems"
    >
      <h1
        class="foodname"
      >
         Food item 
      </h1>
      <h3
        class="ingredients"
      >
         Ingredients: 
      </h3>
      <p
        class="price"
      >
          Price: 
      </p>
    </div>
    <div
      className="fooditems"
    >
      <h1
        class="foodname"
      >
         Food item 
      </h1>
      <h3
        class="ingredients"
      >
         Ingredients: 
      </h3>
      <p
        class="price"
      >
          Price: 
      </p>
    </div>
  </section>,
  <h1>
     Main courses 
  </h1>,
  <section
    class="grid_container"
  >
    <div
      className="fooditems"
    >
      <h1
        class="foodname"
      >
         Food item 
      </h1>
      <h3
        class="ingredients"
      >
         Ingredients: 
      </h3>
      <p
        class="price"
      >
          Price: 
      </p>
    </div>
    <div
      className="fooditems"
    >
      <h1
        class="foodname"
      >
         Food item 
      </h1>
      <h3
        class="ingredients"
      >
         Ingredients: 
      </h3>
      <p
        class="price"
      >
          Price: 
      </p>
    </div>
    <div
      className="fooditems"
    >
      <h1
        class="foodname"
      >
         Food item 
      </h1>
      <h3
        class="ingredients"
      >
         Ingredients: 
      </h3>
      <p
        class="price"
      >
          Price: 
      </p>
    </div>
    <div
      className="fooditems"
    >
      <h1
        class="foodname"
      >
         Food item 
      </h1>
      <h3
        class="ingredients"
      >
         Ingredients: 
      </h3>
      <p
        class="price"
      >
          Price: 
      </p>
    </div>
    <div
      className="fooditems"
    >
      <h1
        class="foodname"
      >
         Food item 
      </h1>
      <h3
        class="ingredients"
      >
         Ingredients: 
      </h3>
      <p
        class="price"
      >
          Price: 
      </p>
    </div>
    <div
      className="fooditems"
    >
      <h1
        class="foodname"
      >
         Food item 
      </h1>
      <h3
        class="ingredients"
      >
         Ingredients: 
      </h3>
      <p
        class="price"
      >
          Price: 
      </p>
    </div>
  </section>,
  <h1>
     Sides
  </h1>,
  <div />,
]
`;
